[Bridge STDERR] 2026-03-26 13:36:32,117 - VYAAS Bridge - INFO - Using injected bridge token for room: bridge_smoke_room_1774512389806

[Bridge STDERR] 2026-03-26 13:36:32,659 - VYAAS Bridge - INFO - livekit_ffi::server:152:livekit_ffi::server - initializing ffi server v0.12.50

[Bridge STDERR] 2026-03-26 13:36:32,659 - VYAAS Bridge - INFO - livekit_ffi::cabi:50:livekit_ffi::cabi - initializing ffi server v0.12.50

[Bridge STDERR] 2026-03-26 13:36:32,662 - VYAAS Bridge - INFO - livekit_api::signal_client::signal_stream:103:livekit_api::signal_client::signal_stream - connecting to wss://vyaas-ai-jt4ky5gw.livekit.cloud/rtc?sdk=python&os=Windows&os_version=10.0.26200&protocol=16&auto_subscribe=1&adaptive_stream=0&version=1.1.3

[Bridge STDERR] 2026-03-26 13:36:33,099 - VYAAS Bridge - WARNING - livekit_api::signal_client:287:livekit_api::signal_client - signal connection failed on v0 path: WsError(Http(Response { status: 401, version: HTTP/1.1, headers: {"content-length": "27", "content-type": "text/plain; charset=utf-8", "date": "Thu, 26 Mar 2026 08:06:36 GMT", "vary": "Origin"}, body: Some([105, 110, 118, 97, 108, 105, 100, 32, 97, 117, 116, 104, 111, 114, 105, 122, 97, 116, 105, 111, 110, 32, 116, 111, 107, 101, 110]) }))

[Bridge STDERR] 2026-03-26 13:36:33,558 - VYAAS Bridge - WARNING - livekit::rtc_engine:407:livekit::rtc_engine - failed to connect: Signal(Client(401, "invalid authorization token")), retrying... (1/3)

[Bridge STDERR] 2026-03-26 13:36:33,558 - VYAAS Bridge - INFO - livekit_api::signal_client::signal_stream:103:livekit_api::signal_client::signal_stream - connecting to wss://vyaas-ai-jt4ky5gw.livekit.cloud/rtc?sdk=python&os=Windows&os_version=10.0.26200&protocol=16&auto_subscribe=1&adaptive_stream=0&version=1.1.3

[Bridge STDERR] 2026-03-26 13:36:33,908 - VYAAS Bridge - WARNING - livekit_api::signal_client:287:livekit_api::signal_client - signal connection failed on v0 path: WsError(Http(Response { status: 401, version: HTTP/1.1, headers: {"content-length": "27", "content-type": "text/plain; charset=utf-8", "date": "Thu, 26 Mar 2026 08:06:37 GMT", "vary": "Origin"}, body: Some([105, 110, 118, 97, 108, 105, 100, 32, 97, 117, 116, 104, 111, 114, 105, 122, 97, 116, 105, 111, 110, 32, 116, 111, 107, 101, 110]) }))

[Bridge STDERR] 2026-03-26 13:36:34,406 - VYAAS Bridge - WARNING - livekit::rtc_engine:407:livekit::rtc_engine - failed to connect: Signal(Client(401, "invalid authorization token")), retrying... (2/3)

[Bridge STDERR] 2026-03-26 13:36:34,407 - VYAAS Bridge - INFO - livekit_api::signal_client::signal_stream:103:livekit_api::signal_client::signal_stream - connecting to wss://vyaas-ai-jt4ky5gw.livekit.cloud/rtc?sdk=python&os=Windows&os_version=10.0.26200&protocol=16&auto_subscribe=1&adaptive_stream=0&version=1.1.3

[Bridge STDERR] 2026-03-26 13:36:34,758 - VYAAS Bridge - WARNING - livekit_api::signal_client:287:livekit_api::signal_client - signal connection failed on v0 path: WsError(Http(Response { status: 401, version: HTTP/1.1, headers: {"content-length": "27", "content-type": "text/plain; charset=utf-8", "date": "Thu, 26 Mar 2026 08:06:38 GMT", "vary": "Origin"}, body: Some([105, 110, 118, 97, 108, 105, 100, 32, 97, 117, 116, 104, 111, 114, 105, 122, 97, 116, 105, 111, 110, 32, 116, 111, 107, 101, 110]) }))

[Bridge STDERR] 2026-03-26 13:36:35,211 - VYAAS Bridge - WARNING - livekit::rtc_engine:407:livekit::rtc_engine - failed to connect: Signal(Client(401, "invalid authorization token")), retrying... (3/3)

[Bridge STDERR] 2026-03-26 13:36:35,211 - VYAAS Bridge - INFO - livekit_api::signal_client::signal_stream:103:livekit_api::signal_client::signal_stream - connecting to wss://vyaas-ai-jt4ky5gw.livekit.cloud/rtc?sdk=python&os=Windows&os_version=10.0.26200&protocol=16&auto_subscribe=1&adaptive_stream=0&version=1.1.3

[Bridge STDERR] 2026-03-26 13:36:35,533 - VYAAS Bridge - WARNING - livekit_api::signal_client:287:livekit_api::signal_client - signal connection failed on v0 path: WsError(Http(Response { status: 401, version: HTTP/1.1, headers: {"content-length": "27", "content-type": "text/plain; charset=utf-8", "date": "Thu, 26 Mar 2026 08:06:39 GMT", "vary": "Origin"}, body: Some([105, 110, 118, 97, 108, 105, 100, 32, 97, 117, 116, 104, 111, 114, 105, 122, 97, 116, 105, 111, 110, 32, 116, 111, 107, 101, 110]) }))

[Bridge STDERR] 2026-03-26 13:36:35,956 - VYAAS Bridge - ERROR - [ERR] Failed to connect: engine: signal failure: client error: 401 Unauthorized - invalid authorization token

[Bridge STDOUT] [WARN] pyautogui not installed. Some features won't work. Run: pip install pyautogui
[WARN] pyperclip not installed. Clipboard features limited. Run: pip install pyperclip

==================================================
  VYAAS AI Desktop Bridge
  Connecting to cloud AI agent...
==================================================


[Bridge STDERR] 2026-03-26 13:36:35,957 - VYAAS Bridge - ERROR - livekit_ffi::server::room:286:livekit_ffi::server::room - error while connecting to a room: engine: signal failure: client error: 401 Unauthorized - invalid authorization token

[Bridge STDERR] 2026-03-26 13:36:39,324 - VYAAS Bridge - INFO - Using injected bridge token for room: bridge_smoke_room_1774512389806

[Bridge STDERR] 2026-03-26 13:36:39,368 - VYAAS Bridge - INFO - livekit_ffi::server:152:livekit_ffi::server - initializing ffi server v0.12.50

[Bridge STDERR] 2026-03-26 13:36:39,369 - VYAAS Bridge - INFO - livekit_ffi::cabi:50:livekit_ffi::cabi - initializing ffi server v0.12.50

[Bridge STDERR] 2026-03-26 13:36:39,371 - VYAAS Bridge - INFO - livekit_api::signal_client::signal_stream:103:livekit_api::signal_client::signal_stream - connecting to wss://vyaas-ai-jt4ky5gw.livekit.cloud/rtc?sdk=python&os=Windows&os_version=10.0.26200&protocol=16&auto_subscribe=1&adaptive_stream=0&version=1.1.3

[Bridge STDERR] 2026-03-26 13:36:39,696 - VYAAS Bridge - WARNING - livekit_api::signal_client:287:livekit_api::signal_client - signal connection failed on v0 path: WsError(Http(Response { status: 401, version: HTTP/1.1, headers: {"content-length": "27", "content-type": "text/plain; charset=utf-8", "date": "Thu, 26 Mar 2026 08:06:43 GMT", "vary": "Origin"}, body: Some([105, 110, 118, 97, 108, 105, 100, 32, 97, 117, 116, 104, 111, 114, 105, 122, 97, 116, 105, 111, 110, 32, 116, 111, 107, 101, 110]) }))

[Bridge STDERR] 2026-03-26 13:36:40,141 - VYAAS Bridge - WARNING - livekit::rtc_engine:407:livekit::rtc_engine - failed to connect: Signal(Client(401, "invalid authorization token")), retrying... (1/3)

[Bridge STDERR] 2026-03-26 13:36:40,141 - VYAAS Bridge - INFO - livekit_api::signal_client::signal_stream:103:livekit_api::signal_client::signal_stream - connecting to wss://vyaas-ai-jt4ky5gw.livekit.cloud/rtc?sdk=python&os=Windows&os_version=10.0.26200&protocol=16&auto_subscribe=1&adaptive_stream=0&version=1.1.3

[Bridge STDERR] 2026-03-26 13:36:40,478 - VYAAS Bridge - WARNING - livekit_api::signal_client:287:livekit_api::signal_client - signal connection failed on v0 path: WsError(Http(Response { status: 401, version: HTTP/1.1, headers: {"content-length": "27", "content-type": "text/plain; charset=utf-8", "date": "Thu, 26 Mar 2026 08:06:44 GMT", "vary": "Origin"}, body: Some([105, 110, 118, 97, 108, 105, 100, 32, 97, 117, 116, 104, 111, 114, 105, 122, 97, 116, 105, 111, 110, 32, 116, 111, 107, 101, 110]) }))

[Bridge STDERR] 2026-03-26 13:36:40,911 - VYAAS Bridge - WARNING - livekit::rtc_engine:407:livekit::rtc_engine - failed to connect: Signal(Client(401, "invalid authorization token")), retrying... (2/3)

[Bridge STDERR] 2026-03-26 13:36:40,912 - VYAAS Bridge - INFO - livekit_api::signal_client::signal_stream:103:livekit_api::signal_client::signal_stream - connecting to wss://vyaas-ai-jt4ky5gw.livekit.cloud/rtc?sdk=python&os=Windows&os_version=10.0.26200&protocol=16&auto_subscribe=1&adaptive_stream=0&version=1.1.3

[Bridge STDERR] 2026-03-26 13:36:41,244 - VYAAS Bridge - WARNING - livekit_api::signal_client:287:livekit_api::signal_client - signal connection failed on v0 path: WsError(Http(Response { status: 401, version: HTTP/1.1, headers: {"content-length": "27", "content-type": "text/plain; charset=utf-8", "date": "Thu, 26 Mar 2026 08:06:45 GMT", "vary": "Origin"}, body: Some([105, 110, 118, 97, 108, 105, 100, 32, 97, 117, 116, 104, 111, 114, 105, 122, 97, 116, 105, 111, 110, 32, 116, 111, 107, 101, 110]) }))

[Bridge STDERR] 2026-03-26 13:36:41,700 - VYAAS Bridge - WARNING - livekit::rtc_engine:407:livekit::rtc_engine - failed to connect: Signal(Client(401, "invalid authorization token")), retrying... (3/3)

[Bridge STDERR] 2026-03-26 13:36:41,700 - VYAAS Bridge - INFO - livekit_api::signal_client::signal_stream:103:livekit_api::signal_client::signal_stream - connecting to wss://vyaas-ai-jt4ky5gw.livekit.cloud/rtc?sdk=python&os=Windows&os_version=10.0.26200&protocol=16&auto_subscribe=1&adaptive_stream=0&version=1.1.3

[Bridge STDERR] 2026-03-26 13:36:42,039 - VYAAS Bridge - WARNING - livekit_api::signal_client:287:livekit_api::signal_client - signal connection failed on v0 path: WsError(Http(Response { status: 401, version: HTTP/1.1, headers: {"content-length": "27", "content-type": "text/plain; charset=utf-8", "date": "Thu, 26 Mar 2026 08:06:45 GMT", "vary": "Origin"}, body: Some([105, 110, 118, 97, 108, 105, 100, 32, 97, 117, 116, 104, 111, 114, 105, 122, 97, 116, 105, 111, 110, 32, 116, 111, 107, 101, 110]) }))

[Bridge STDERR] 2026-03-26 13:36:42,505 - VYAAS Bridge - ERROR - [ERR] Failed to connect: engine: signal failure: client error: 401 Unauthorized - invalid authorization token

[Bridge STDOUT] [WARN] pyautogui not installed. Some features won't work. Run: pip install pyautogui
[WARN] pyperclip not installed. Clipboard features limited. Run: pip install pyperclip

==================================================
  VYAAS AI Desktop Bridge
  Connecting to cloud AI agent...
==================================================


[Bridge STDERR] 2026-03-26 13:36:42,505 - VYAAS Bridge - ERROR - livekit_ffi::server::room:286:livekit_ffi::server::room - error while connecting to a room: engine: signal failure: client error: 401 Unauthorized - invalid authorization token

[Bridge STDERR] 2026-03-26 13:36:45,889 - VYAAS Bridge - INFO - Using injected bridge token for room: bridge_smoke_room_1774512389806

[Bridge STDERR] 2026-03-26 13:36:45,935 - VYAAS Bridge - INFO - livekit_ffi::server:152:livekit_ffi::server - initializing ffi server v0.12.50

[Bridge STDERR] 2026-03-26 13:36:45,935 - VYAAS Bridge - INFO - livekit_ffi::cabi:50:livekit_ffi::cabi - initializing ffi server v0.12.50

[Bridge STDERR] 2026-03-26 13:36:45,938 - VYAAS Bridge - INFO - livekit_api::signal_client::signal_stream:103:livekit_api::signal_client::signal_stream - connecting to wss://vyaas-ai-jt4ky5gw.livekit.cloud/rtc?sdk=python&os=Windows&os_version=10.0.26200&protocol=16&auto_subscribe=1&adaptive_stream=0&version=1.1.3

[Bridge STDERR] 2026-03-26 13:36:46,345 - VYAAS Bridge - WARNING - livekit_api::signal_client:287:livekit_api::signal_client - signal connection failed on v0 path: WsError(Http(Response { status: 401, version: HTTP/1.1, headers: {"content-length": "27", "content-type": "text/plain; charset=utf-8", "date": "Thu, 26 Mar 2026 08:06:50 GMT", "vary": "Origin"}, body: Some([105, 110, 118, 97, 108, 105, 100, 32, 97, 117, 116, 104, 111, 114, 105, 122, 97, 116, 105, 111, 110, 32, 116, 111, 107, 101, 110]) }))

[Bridge STDERR] 2026-03-26 13:36:46,797 - VYAAS Bridge - WARNING - livekit::rtc_engine:407:livekit::rtc_engine - failed to connect: Signal(Client(401, "invalid authorization token")), retrying... (1/3)

[Bridge STDERR] 2026-03-26 13:36:46,798 - VYAAS Bridge - INFO - livekit_api::signal_client::signal_stream:103:livekit_api::signal_client::signal_stream - connecting to wss://vyaas-ai-jt4ky5gw.livekit.cloud/rtc?sdk=python&os=Windows&os_version=10.0.26200&protocol=16&auto_subscribe=1&adaptive_stream=0&version=1.1.3

[Bridge STDERR] 2026-03-26 13:36:47,139 - VYAAS Bridge - WARNING - livekit_api::signal_client:287:livekit_api::signal_client - signal connection failed on v0 path: WsError(Http(Response { status: 401, version: HTTP/1.1, headers: {"content-length": "27", "content-type": "text/plain; charset=utf-8", "date": "Thu, 26 Mar 2026 08:06:50 GMT", "vary": "Origin"}, body: Some([105, 110, 118, 97, 108, 105, 100, 32, 97, 117, 116, 104, 111, 114, 105, 122, 97, 116, 105, 111, 110, 32, 116, 111, 107, 101, 110]) }))

[Bridge STDERR] 2026-03-26 13:36:47,651 - VYAAS Bridge - WARNING - livekit::rtc_engine:407:livekit::rtc_engine - failed to connect: Signal(Client(401, "invalid authorization token")), retrying... (2/3)

[Bridge STDERR] 2026-03-26 13:36:47,652 - VYAAS Bridge - INFO - livekit_api::signal_client::signal_stream:103:livekit_api::signal_client::signal_stream - connecting to wss://vyaas-ai-jt4ky5gw.livekit.cloud/rtc?sdk=python&os=Windows&os_version=10.0.26200&protocol=16&auto_subscribe=1&adaptive_stream=0&version=1.1.3

[Bridge STDERR] 2026-03-26 13:36:47,992 - VYAAS Bridge - WARNING - livekit_api::signal_client:287:livekit_api::signal_client - signal connection failed on v0 path: WsError(Http(Response { status: 401, version: HTTP/1.1, headers: {"content-length": "27", "content-type": "text/plain; charset=utf-8", "date": "Thu, 26 Mar 2026 08:06:51 GMT", "vary": "Origin"}, body: Some([105, 110, 118, 97, 108, 105, 100, 32, 97, 117, 116, 104, 111, 114, 105, 122, 97, 116, 105, 111, 110, 32, 116, 111, 107, 101, 110]) }))

[Bridge STDERR] 2026-03-26 13:36:48,436 - VYAAS Bridge - WARNING - livekit::rtc_engine:407:livekit::rtc_engine - failed to connect: Signal(Client(401, "invalid authorization token")), retrying... (3/3)

[Bridge STDERR] 2026-03-26 13:36:48,436 - VYAAS Bridge - INFO - livekit_api::signal_client::signal_stream:103:livekit_api::signal_client::signal_stream - connecting to wss://vyaas-ai-jt4ky5gw.livekit.cloud/rtc?sdk=python&os=Windows&os_version=10.0.26200&protocol=16&auto_subscribe=1&adaptive_stream=0&version=1.1.3

[Bridge STDERR] 2026-03-26 13:36:48,754 - VYAAS Bridge - WARNING - livekit_api::signal_client:287:livekit_api::signal_client - signal connection failed on v0 path: WsError(Http(Response { status: 401, version: HTTP/1.1, headers: {"content-length": "27", "content-type": "text/plain; charset=utf-8", "date": "Thu, 26 Mar 2026 08:06:52 GMT", "vary": "Origin"}, body: Some([105, 110, 118, 97, 108, 105, 100, 32, 97, 117, 116, 104, 111, 114, 105, 122, 97, 116, 105, 111, 110, 32, 116, 111, 107, 101, 110]) }))

[Bridge STDERR] 2026-03-26 13:36:49,251 - VYAAS Bridge - ERROR - [ERR] Failed to connect: engine: signal failure: client error: 401 Unauthorized - invalid authorization token

[Bridge STDOUT] [WARN] pyautogui not installed. Some features won't work. Run: pip install pyautogui
[WARN] pyperclip not installed. Clipboard features limited. Run: pip install pyperclip

==================================================
  VYAAS AI Desktop Bridge
  Connecting to cloud AI agent...
==================================================


[Bridge STDERR] 2026-03-26 13:36:49,251 - VYAAS Bridge - ERROR - livekit_ffi::server::room:286:livekit_ffi::server::room - error while connecting to a room: engine: signal failure: client error: 401 Unauthorized - invalid authorization token

[Bridge STDERR] 2026-03-26 13:36:52,609 - VYAAS Bridge - INFO - Using injected bridge token for room: bridge_smoke_room_1774512389806

[Bridge STDERR] 2026-03-26 13:36:52,654 - VYAAS Bridge - INFO - livekit_ffi::server:152:livekit_ffi::server - initializing ffi server v0.12.50

[Bridge STDERR] 2026-03-26 13:36:52,654 - VYAAS Bridge - INFO - livekit_ffi::cabi:50:livekit_ffi::cabi - initializing ffi server v0.12.50

[Bridge STDERR] 2026-03-26 13:36:52,657 - VYAAS Bridge - INFO - livekit_api::signal_client::signal_stream:103:livekit_api::signal_client::signal_stream - connecting to wss://vyaas-ai-jt4ky5gw.livekit.cloud/rtc?sdk=python&os=Windows&os_version=10.0.26200&protocol=16&auto_subscribe=1&adaptive_stream=0&version=1.1.3

[Bridge STDERR] 2026-03-26 13:36:52,989 - VYAAS Bridge - WARNING - livekit_api::signal_client:287:livekit_api::signal_client - signal connection failed on v0 path: WsError(Http(Response { status: 401, version: HTTP/1.1, headers: {"content-length": "27", "content-type": "text/plain; charset=utf-8", "date": "Thu, 26 Mar 2026 08:06:56 GMT", "vary": "Origin"}, body: Some([105, 110, 118, 97, 108, 105, 100, 32, 97, 117, 116, 104, 111, 114, 105, 122, 97, 116, 105, 111, 110, 32, 116, 111, 107, 101, 110]) }))

[Bridge STDERR] 2026-03-26 13:36:53,440 - VYAAS Bridge - WARNING - livekit::rtc_engine:407:livekit::rtc_engine - failed to connect: Signal(Client(401, "invalid authorization token")), retrying... (1/3)

[Bridge STDERR] 2026-03-26 13:36:53,441 - VYAAS Bridge - INFO - livekit_api::signal_client::signal_stream:103:livekit_api::signal_client::signal_stream - connecting to wss://vyaas-ai-jt4ky5gw.livekit.cloud/rtc?sdk=python&os=Windows&os_version=10.0.26200&protocol=16&auto_subscribe=1&adaptive_stream=0&version=1.1.3

[Bridge STDERR] 2026-03-26 13:36:53,799 - VYAAS Bridge - WARNING - livekit_api::signal_client:287:livekit_api::signal_client - signal connection failed on v0 path: WsError(Http(Response { status: 401, version: HTTP/1.1, headers: {"content-length": "27", "content-type": "text/plain; charset=utf-8", "date": "Thu, 26 Mar 2026 08:06:57 GMT", "vary": "Origin"}, body: Some([105, 110, 118, 97, 108, 105, 100, 32, 97, 117, 116, 104, 111, 114, 105, 122, 97, 116, 105, 111, 110, 32, 116, 111, 107, 101, 110]) }))

[Bridge STDERR] 2026-03-26 13:36:54,262 - VYAAS Bridge - WARNING - livekit::rtc_engine:407:livekit::rtc_engine - failed to connect: Signal(Client(401, "invalid authorization token")), retrying... (2/3)

[Bridge STDERR] 2026-03-26 13:36:54,262 - VYAAS Bridge - INFO - livekit_api::signal_client::signal_stream:103:livekit_api::signal_client::signal_stream - connecting to wss://vyaas-ai-jt4ky5gw.livekit.cloud/rtc?sdk=python&os=Windows&os_version=10.0.26200&protocol=16&auto_subscribe=1&adaptive_stream=0&version=1.1.3

[Bridge STDERR] 2026-03-26 13:36:54,658 - VYAAS Bridge - WARNING - livekit_api::signal_client:287:livekit_api::signal_client - signal connection failed on v0 path: WsError(Http(Response { status: 401, version: HTTP/1.1, headers: {"content-length": "27", "content-type": "text/plain; charset=utf-8", "date": "Thu, 26 Mar 2026 08:06:58 GMT", "vary": "Origin"}, body: Some([105, 110, 118, 97, 108, 105, 100, 32, 97, 117, 116, 104, 111, 114, 105, 122, 97, 116, 105, 111, 110, 32, 116, 111, 107, 101, 110]) }))

[Bridge STDERR] 2026-03-26 13:36:55,105 - VYAAS Bridge - WARNING - livekit::rtc_engine:407:livekit::rtc_engine - failed to connect: Signal(Client(401, "invalid authorization token")), retrying... (3/3)

[Bridge STDERR] 2026-03-26 13:36:55,106 - VYAAS Bridge - INFO - livekit_api::signal_client::signal_stream:103:livekit_api::signal_client::signal_stream - connecting to wss://vyaas-ai-jt4ky5gw.livekit.cloud/rtc?sdk=python&os=Windows&os_version=10.0.26200&protocol=16&auto_subscribe=1&adaptive_stream=0&version=1.1.3

[Bridge STDERR] 2026-03-26 13:36:55,433 - VYAAS Bridge - WARNING - livekit_api::signal_client:287:livekit_api::signal_client - signal connection failed on v0 path: WsError(Http(Response { status: 401, version: HTTP/1.1, headers: {"content-length": "27", "content-type": "text/plain; charset=utf-8", "date": "Thu, 26 Mar 2026 08:06:59 GMT", "vary": "Origin"}, body: Some([105, 110, 118, 97, 108, 105, 100, 32, 97, 117, 116, 104, 111, 114, 105, 122, 97, 116, 105, 111, 110, 32, 116, 111, 107, 101, 110]) }))

[Bridge STDERR] 2026-03-26 13:36:56,044 - VYAAS Bridge - ERROR - [ERR] Failed to connect: engine: signal failure: client error: 401 Unauthorized - invalid authorization token

[Bridge STDERR] 2026-03-26 13:36:56,044 - VYAAS Bridge - ERROR - livekit_ffi::server::room:286:livekit_ffi::server::room - error while connecting to a room: engine: signal failure: client error: 401 Unauthorized - invalid authorization token

[Bridge STDOUT] [WARN] pyautogui not installed. Some features won't work. Run: pip install pyautogui
[WARN] pyperclip not installed. Clipboard features limited. Run: pip install pyperclip

==================================================
  VYAAS AI Desktop Bridge
  Connecting to cloud AI agent...
==================================================


[Bridge STDERR] 2026-03-26 13:36:59,415 - VYAAS Bridge - INFO - Using injected bridge token for room: bridge_smoke_room_1774512389806

[Bridge STDERR] 2026-03-26 13:36:59,458 - VYAAS Bridge - INFO - livekit_ffi::server:152:livekit_ffi::server - initializing ffi server v0.12.50

[Bridge STDERR] 2026-03-26 13:36:59,458 - VYAAS Bridge - INFO - livekit_ffi::cabi:50:livekit_ffi::cabi - initializing ffi server v0.12.50

[Bridge STDERR] 2026-03-26 13:36:59,460 - VYAAS Bridge - INFO - livekit_api::signal_client::signal_stream:103:livekit_api::signal_client::signal_stream - connecting to wss://vyaas-ai-jt4ky5gw.livekit.cloud/rtc?sdk=python&os=Windows&os_version=10.0.26200&protocol=16&auto_subscribe=1&adaptive_stream=0&version=1.1.3

[Bridge STDERR] 2026-03-26 13:36:59,789 - VYAAS Bridge - WARNING - livekit_api::signal_client:287:livekit_api::signal_client - signal connection failed on v0 path: WsError(Http(Response { status: 401, version: HTTP/1.1, headers: {"content-length": "27", "content-type": "text/plain; charset=utf-8", "date": "Thu, 26 Mar 2026 08:07:03 GMT", "vary": "Origin"}, body: Some([105, 110, 118, 97, 108, 105, 100, 32, 97, 117, 116, 104, 111, 114, 105, 122, 97, 116, 105, 111, 110, 32, 116, 111, 107, 101, 110]) }))

[Bridge STDERR] 2026-03-26 13:37:00,254 - VYAAS Bridge - WARNING - livekit::rtc_engine:407:livekit::rtc_engine - failed to connect: Signal(Client(401, "invalid authorization token")), retrying... (1/3)

[Bridge STDERR] 2026-03-26 13:37:00,255 - VYAAS Bridge - INFO - livekit_api::signal_client::signal_stream:103:livekit_api::signal_client::signal_stream - connecting to wss://vyaas-ai-jt4ky5gw.livekit.cloud/rtc?sdk=python&os=Windows&os_version=10.0.26200&protocol=16&auto_subscribe=1&adaptive_stream=0&version=1.1.3

[Bridge STDERR] 2026-03-26 13:37:00,590 - VYAAS Bridge - WARNING - livekit_api::signal_client:287:livekit_api::signal_client - signal connection failed on v0 path: WsError(Http(Response { status: 401, version: HTTP/1.1, headers: {"content-length": "27", "content-type": "text/plain; charset=utf-8", "date": "Thu, 26 Mar 2026 08:07:04 GMT", "vary": "Origin"}, body: Some([105, 110, 118, 97, 108, 105, 100, 32, 97, 117, 116, 104, 111, 114, 105, 122, 97, 116, 105, 111, 110, 32, 116, 111, 107, 101, 110]) }))

[Bridge STDERR] 2026-03-26 13:37:01,030 - VYAAS Bridge - WARNING - livekit::rtc_engine:407:livekit::rtc_engine - failed to connect: Signal(Client(401, "invalid authorization token")), retrying... (2/3)

[Bridge STDERR] 2026-03-26 13:37:01,030 - VYAAS Bridge - INFO - livekit_api::signal_client::signal_stream:103:livekit_api::signal_client::signal_stream - connecting to wss://vyaas-ai-jt4ky5gw.livekit.cloud/rtc?sdk=python&os=Windows&os_version=10.0.26200&protocol=16&auto_subscribe=1&adaptive_stream=0&version=1.1.3

[Bridge STDERR] 2026-03-26 13:37:01,367 - VYAAS Bridge - WARNING - livekit_api::signal_client:287:livekit_api::signal_client - signal connection failed on v0 path: WsError(Http(Response { status: 401, version: HTTP/1.1, headers: {"content-length": "27", "content-type": "text/plain; charset=utf-8", "date": "Thu, 26 Mar 2026 08:07:05 GMT", "vary": "Origin"}, body: Some([105, 110, 118, 97, 108, 105, 100, 32, 97, 117, 116, 104, 111, 114, 105, 122, 97, 116, 105, 111, 110, 32, 116, 111, 107, 101, 110]) }))

[Bridge STDERR] 2026-03-26 13:37:01,817 - VYAAS Bridge - WARNING - livekit::rtc_engine:407:livekit::rtc_engine - failed to connect: Signal(Client(401, "invalid authorization token")), retrying... (3/3)

[Bridge STDERR] 2026-03-26 13:37:01,817 - VYAAS Bridge - INFO - livekit_api::signal_client::signal_stream:103:livekit_api::signal_client::signal_stream - connecting to wss://vyaas-ai-jt4ky5gw.livekit.cloud/rtc?sdk=python&os=Windows&os_version=10.0.26200&protocol=16&auto_subscribe=1&adaptive_stream=0&version=1.1.3

[Bridge STDERR] 2026-03-26 13:37:02,161 - VYAAS Bridge - WARNING - livekit_api::signal_client:287:livekit_api::signal_client - signal connection failed on v0 path: WsError(Http(Response { status: 401, version: HTTP/1.1, headers: {"content-length": "27", "content-type": "text/plain; charset=utf-8", "date": "Thu, 26 Mar 2026 08:07:05 GMT", "vary": "Origin"}, body: Some([105, 110, 118, 97, 108, 105, 100, 32, 97, 117, 116, 104, 111, 114, 105, 122, 97, 116, 105, 111, 110, 32, 116, 111, 107, 101, 110]) }))

[Bridge STDERR] 2026-03-26 13:37:02,653 - VYAAS Bridge - ERROR - [ERR] Failed to connect: engine: signal failure: client error: 401 Unauthorized - invalid authorization token

[Bridge STDOUT] [WARN] pyautogui not installed. Some features won't work. Run: pip install pyautogui
[WARN] pyperclip not installed. Clipboard features limited. Run: pip install pyperclip

==================================================
  VYAAS AI Desktop Bridge
  Connecting to cloud AI agent...
==================================================


[Bridge STDERR] 2026-03-26 13:37:02,654 - VYAAS Bridge - ERROR - livekit_ffi::server::room:286:livekit_ffi::server::room - error while connecting to a room: engine: signal failure: client error: 401 Unauthorized - invalid authorization token

[Bridge STDERR] 2026-03-26 13:37:24,602 - VYAAS Bridge - INFO - Using injected bridge token for room: bridge_smoke_room_1774512443249

[Bridge STDERR] 2026-03-26 13:37:24,645 - VYAAS Bridge - INFO - livekit_ffi::server:152:livekit_ffi::server - initializing ffi server v0.12.50

[Bridge STDERR] 2026-03-26 13:37:24,646 - VYAAS Bridge - INFO - livekit_ffi::cabi:50:livekit_ffi::cabi - initializing ffi server v0.12.50

[Bridge STDERR] 2026-03-26 13:37:24,648 - VYAAS Bridge - INFO - livekit_api::signal_client::signal_stream:103:livekit_api::signal_client::signal_stream - connecting to wss://vyaas-ai-jt4ky5gw.livekit.cloud/rtc?sdk=python&os=Windows&os_version=10.0.26200&protocol=16&auto_subscribe=1&adaptive_stream=0&version=1.1.3

[Bridge STDERR] 2026-03-26 13:37:26,271 - VYAAS Bridge - INFO - [OK] Connected to LiveKit as vyaas_desktop_bridge

[Bridge STDERR] 2026-03-26 13:37:30,138 - VYAAS Bridge - INFO - ignoring byte stream with topic 'lk.agent.session', no callback attached

[Bridge STDERR] 2026-03-26 13:37:36,578 - VYAAS Bridge - INFO - ignoring byte stream with topic 'lk.agent.session', no callback attached

[Bridge STDERR] 2026-03-26 13:37:36,709 - VYAAS Bridge - INFO - ignoring text stream with topic 'lk.transcription', no callback attached

[Bridge STDERR] 2026-03-26 13:38:53,734 - VYAAS Bridge - INFO - Using injected bridge token for room: bridge_smoke_room_1774512532349

[Bridge STDERR] 2026-03-26 13:38:53,796 - VYAAS Bridge - INFO - livekit_ffi::server:152:livekit_ffi::server - initializing ffi server v0.12.50

[Bridge STDERR] 2026-03-26 13:38:53,797 - VYAAS Bridge - INFO - livekit_ffi::cabi:50:livekit_ffi::cabi - initializing ffi server v0.12.50

[Bridge STDERR] 2026-03-26 13:38:53,799 - VYAAS Bridge - INFO - livekit_api::signal_client::signal_stream:103:livekit_api::signal_client::signal_stream - connecting to wss://vyaas-ai-jt4ky5gw.livekit.cloud/rtc?sdk=python&os=Windows&os_version=10.0.26200&protocol=16&auto_subscribe=1&adaptive_stream=0&version=1.1.3

[Bridge STDERR] 2026-03-26 13:38:55,203 - VYAAS Bridge - INFO - [OK] Connected to LiveKit as vyaas_desktop_bridge

[Bridge STDERR] 2026-03-26 13:43:03,148 - VYAAS Bridge - INFO - Using injected bridge token for room: bridge_smoke_room_1774512781790

[Bridge STDERR] 2026-03-26 13:43:03,253 - VYAAS Bridge - INFO - livekit_ffi::server:152:livekit_ffi::server - initializing ffi server v0.12.50

[Bridge STDERR] 2026-03-26 13:43:03,254 - VYAAS Bridge - INFO - livekit_ffi::cabi:50:livekit_ffi::cabi - initializing ffi server v0.12.50

[Bridge STDERR] 2026-03-26 13:43:03,256 - VYAAS Bridge - INFO - livekit_api::signal_client::signal_stream:103:livekit_api::signal_client::signal_stream - connecting to wss://vyaas-ai-jt4ky5gw.livekit.cloud/rtc?sdk=python&os=Windows&os_version=10.0.26200&protocol=16&auto_subscribe=1&adaptive_stream=0&version=1.1.3

[Bridge STDERR] 2026-03-26 13:43:06,082 - VYAAS Bridge - INFO - [OK] Connected to LiveKit as vyaas_desktop_bridge

[Bridge STDERR] 2026-03-26 13:43:07,625 - VYAAS Bridge - INFO - [IN] Received command: open_app

[Bridge STDERR] 2026-03-26 13:43:07,625 - VYAAS Bridge - INFO - [CMD] Opening: notepad

[Bridge STDERR] 2026-03-26 13:43:07,634 - VYAAS Bridge - INFO - [OK] Opened notepad

[Bridge STDERR] 2026-03-26 13:43:09,907 - VYAAS Bridge - INFO - ignoring byte stream with topic 'lk.agent.session', no callback attached

[Bridge STDERR] 2026-03-26 14:05:05,987 - VYAAS Bridge - INFO - Using injected bridge token for room: bridge_smoke_room_1774514104639

[Bridge STDERR] 2026-03-26 14:05:06,094 - VYAAS Bridge - INFO - livekit_ffi::server:152:livekit_ffi::server - initializing ffi server v0.12.50

[Bridge STDERR] 2026-03-26 14:05:06,094 - VYAAS Bridge - INFO - livekit_ffi::cabi:50:livekit_ffi::cabi - initializing ffi server v0.12.50

[Bridge STDERR] 2026-03-26 14:05:06,097 - VYAAS Bridge - INFO - livekit_api::signal_client::signal_stream:103:livekit_api::signal_client::signal_stream - connecting to wss://vyaas-ai-jt4ky5gw.livekit.cloud/rtc?sdk=python&os=Windows&os_version=10.0.26200&protocol=16&auto_subscribe=1&adaptive_stream=0&version=1.1.3

[Bridge STDERR] 2026-03-26 14:05:07,238 - VYAAS Bridge - INFO - [OK] Connected to LiveKit as vyaas_desktop_bridge

[Bridge STDERR] 2026-03-26 14:05:08,933 - VYAAS Bridge - INFO - [IN] Received command: open_app

[Bridge STDERR] 2026-03-26 14:05:08,933 - VYAAS Bridge - INFO - [CMD] Opening: notepad

[Bridge STDERR] 2026-03-26 14:05:08,942 - VYAAS Bridge - INFO - [OK] Opened notepad

[Bridge STDERR] 2026-03-26 14:05:10,620 - VYAAS Bridge - INFO - ignoring byte stream with topic 'lk.agent.session', no callback attached

[Bridge STDERR] 2026-03-26 14:09:46,130 - VYAAS Bridge - INFO - Using injected bridge token for room: bridge_smoke_room_1774514384673

[Bridge STDERR] 2026-03-26 14:09:46,250 - VYAAS Bridge - INFO - livekit_ffi::server:152:livekit_ffi::server - initializing ffi server v0.12.50

[Bridge STDERR] 2026-03-26 14:09:46,251 - VYAAS Bridge - INFO - livekit_ffi::cabi:50:livekit_ffi::cabi - initializing ffi server v0.12.50

[Bridge STDERR] 2026-03-26 14:09:46,253 - VYAAS Bridge - INFO - livekit_api::signal_client::signal_stream:103:livekit_api::signal_client::signal_stream - connecting to wss://vyaas-ai-jt4ky5gw.livekit.cloud/rtc?sdk=python&os=Windows&os_version=10.0.26200&protocol=16&auto_subscribe=0&adaptive_stream=0&version=1.1.3

[Bridge STDERR] 2026-03-26 14:09:48,564 - VYAAS Bridge - INFO - [OK] Connected to LiveKit as vyaas_desktop_bridge

[Bridge STDERR] 2026-03-26 14:09:50,111 - VYAAS Bridge - INFO - [IN] Received command: open_app

[Bridge STDERR] 2026-03-26 14:09:50,111 - VYAAS Bridge - INFO - [CMD] Opening: notepad

[Bridge STDERR] 2026-03-26 14:09:50,121 - VYAAS Bridge - INFO - [OK] Opened notepad

[Bridge STDERR] 2026-03-26 14:09:51,841 - VYAAS Bridge - INFO - ignoring byte stream with topic 'lk.agent.session', no callback attached

